The ``101-lazy_matrix_mul`` module
===============================

using ``lazy_matrix_mul``
------------------------
This is the test file for Question 7. Lazy matrix multiplication

>>> lazy_matrix_mul = __import__('101-lazy_matrix_mul').lazy_matrix_mul
>>> print(lazy_matrix_mul([[1, 2], [3, 4]], [[1, 2], [3, 4]]))
[[ 7 10]
 [15 22]]
>>> print(lazy_matrix_mul([[1, 2]], [[3, 4], [5, 6]]))
[[13 16]]
>>> print(lazy_matrix_mul(((1, 2), (3, 4)), [[1, 2], [3, 4]]))
Traceback (most recent call last):
...
TypeError: Scalar operands are not allowed, use '*' instead
>>> print(lazy_matrix_mul([(1, 2), (3, 4)], [[1, 2], [3, 4]]))
Traceback (most recent call last):
...
TypeError: m_a must be a list of lists
>>> print(lazy_matrix_mul([[1, 2], [3, 4]], ((1, 2), (3, 4))))
Traceback (most recent call last):
...
TypeError: Scalar operands are not allowed, use '*' instead
>>> print(lazy_matrix_mul([[1, 2], [3, 4]], [(1, 2), (3, 4)]))
Traceback (most recent call last):
...
TypeError: m_b must be a list of lists
>>> print(lazy_matrix_mul([], [[1, 2], [3, 4]]))
Traceback (most recent call last):
...
ValueError: shapes (0,) and (2,2) not aligned: 0 (dim 0) != 2 (dim 0)
>>> print(lazy_matrix_mul([[]], [[1, 2], [3, 4]]))
Traceback (most recent call last):
...
ValueError: shapes (1,0) and (2,2) not aligned: 0 (dim 1) != 2 (dim 0)
>>> print(lazy_matrix_mul([[1, 2], [3, 4]], [[]]))
Traceback (most recent call last):
...
ValueError: shapes (2,2) and (1,0) not aligned: 2 (dim 1) != 1 (dim 0)
>>> print(lazy_matrix_mul([[1, 2], [3, 4]], []))
Traceback (most recent call last):
...
ValueError: shapes (2,2) and (0,) not aligned: 2 (dim 1) != 0 (dim 0)
>>> print(lazy_matrix_mul([[1, 2]], [[3, 4], [5, "cat"]]))
Traceback (most recent call last):
...
TypeError: invalid data type for einsum
>>> print(lazy_matrix_mul([[1, "cat"]], [[3, 4], [5, 6]]))
Traceback (most recent call last):
...
TypeError: invalid data type for einsum
>>> print(lazy_matrix_mul([[1, 2, 3], [3, 4]], [[1, 2], [3, 4]]))
Traceback (most recent call last):
...
ValueError: setting an array element with a sequence.
>>> print(lazy_matrix_mul([[1, 2]], [[3, 4, 3], [5, 6]]))
Traceback (most recent call last):
...
ValueError: setting an array element with a sequence.
>>> print(lazy_matrix_mul([[1], [3]], [[1, 2], [3, 4]]))
Traceback (most recent call last):
...
ValueError: shapes (2,1) and (2,2) not aligned: 1 (dim 1) != 2 (dim 0)
